// 重构日志: c0503cab
// 重构日志: 53b82951
// 重构日志: 706e6c5f
// 同步 ID: 563165f9 @ Wed Jul 22 12:48:44 UTC 2026
// 重构日志: a313ca23
// 重构日志: dce37e3f
// 重构日志: d3b262c2
// 同步 ID: 263d5540 @ Thu Jul 23 17:44:58 UTC 2026
// 重构日志: 723e2e86
// 重构日志: 542ee926
// 重构日志: 8937bbc2
// 重构日志: 2cde0cf7
// 重构日志: eb035e8f
// 同步 ID: 47740db8 @ Mon Jul 27 17:22:46 UTC 2026
// 重构日志: 37f0d188
// 同步 ID: d2381ed9 @ Wed Jul 29 04:10:08 UTC 2026
// 重构日志: 3d94c135
// 重构日志: f6e35826
// 重构日志: 7f96ed88
// 同步 ID: 779190fd @ Thu Jul 30 21:31:56 UTC 2026
// 重构日志: 625bba45
// 重构日志: 51eb47e6
// 重构日志: 012ee180
// 重构日志: 86c24c08
// 重构日志: 52ad3f0d
// 同步 ID: 5ef4810b @ Mon Aug  3 12:37:41 UTC 2026
// 同步 ID: e1974a63 @ Tue Aug  4 07:24:03 UTC 2026
// 同步 ID: a2626cc0 @ Tue Aug  4 13:13:23 UTC 2026
// 同步 ID: 69947c47 @ Wed Aug  5 10:30:10 UTC 2026
// 同步 ID: ef4dcb01 @ Fri Aug  7 01:34:40 UTC 2026
